// Jest Snapshot v1, https://goo.gl/fbAQLP

exports[`Renders Grid correctly 1`] = `
<div
  className="container"
>
  <div
    className="row"
  >
    <div
      className="column"
    >
      1
    </div>
    <div
      className="column"
    >
      2
    </div>
    <div
      className="column"
    >
      3
    </div>
    <div
      className="column"
    >
      4
    </div>
    <div
      className="column"
    >
      5
    </div>
    <div
      className="column"
    >
      6
    </div>
    <div
      className="column"
    >
      7
    </div>
    <div
      className="column"
    >
      8
    </div>
    <div
      className="column"
    >
      9
    </div>
    <div
      className="column"
    >
      10
    </div>
    <div
      className="column"
    >
      11
    </div>
  </div>
</div>
`;
