// Jest Snapshot v1, https://goo.gl/fbAQLP

exports[`Renders Container correctly 1`] = `
<div
  className="Container"
>
  Text
</div>
`;
